
There are no discarded input sections

Memory Configuration

Name             Origin             Length             Attributes
FLASH            0x08000000         0x00020000         xr
SRAM             0x20000000         0x00005000         xrw
*default*        0x00000000         0xffffffff

Linker script and memory map

LOAD build/app/main.o
LOAD build/kernel/src/kernel.o
LOAD build/port/stm32f1/src/kernel_internal.o
LOAD build/port/stm32f1/src/startup.o
LOAD build/port/stm32f1/src/usart.o
LOAD build/port/stm32f1/src/gpio.o
LOAD build/port/stm32f1/src/systick.o

.text           0x08000000      0xaec
 *(.isr_vector)
 .isr_vector    0x08000000      0x130 build/port/stm32f1/src/startup.o
                0x08000000                vector_table
 *(.text)
 .text          0x08000130       0xb8 build/app/main.o
                0x08000162                led_task
                0x08000178                uart_task
                0x08000196                main
 .text          0x080001e8      0x30c build/kernel/src/kernel.o
                0x080002ae                kernel_init
                0x080002e0                kernel_start
                0x080002fc                kernel_task_add
                0x080003f0                kernel_task_delete
                0x08000440                kernel_ticks
                0x080004b8                kernel_task_delay
 .text          0x080004f4       0xb4 build/port/stm32f1/src/kernel_internal.o
                0x080004f4                SysTick_Handler
                0x08000500                kernel_yield
                0x0800051c                PendSV_Handler
 .text          0x080005a8       0x8c build/port/stm32f1/src/startup.o
                0x080005a8                FLASH_Handler
                0x080005a8                SVCall_Handler
                0x080005a8                HardFault_Handler
                0x080005a8                USART3_Handler
                0x080005a8                NMI_Handler
                0x080005a8                EXTI15_10_Handler
                0x080005a8                USBWakeup_Handler
                0x080005a8                DMA2_Channel1_Handler
                0x080005a8                I2C1_EV_Handler
                0x080005a8                DMA1_C7_Handler
                0x080005a8                ADC1_2_Handler
                0x080005a8                WWDG_Handler
                0x080005a8                DMA1_C2_Handler
                0x080005a8                EXTI4_Handler
                0x080005a8                I2C1_ER_Handler
                0x080005a8                RTC_Handler
                0x080005a8                UsageFault_Handler
                0x080005a8                TIM1_CC_Handler
                0x080005a8                I2C2_ER_Handler
                0x080005a8                TIM8_CC_Handler
                0x080005a8                TIM8_BRK_Handler
                0x080005a8                USB_HP_CAN_TX_Handler
                0x080005a8                CAN_RX1_Handler
                0x080005a8                TIM1_BRK_Handler
                0x080005a8                DMA1_C5_Handler
                0x080005a8                FSMC_Handler
                0x080005a8                EXTI1_Handler
                0x080005a8                TIM8_TRG_COM_Handler
                0x080005a8                EXTI3_Handler
                0x080005a8                DMA1_C1_Handler
                0x080005a8                USB_LP_CAN_RX0_Handler
                0x080005a8                EXTI2_Handler
                0x080005a8                UART4_Handler
                0x080005a8                EXTI9_5_Handler
                0x080005a8                TIM2_Handler
                0x080005a8                USART1_Handler
                0x080005a8                TIM3_Handler
                0x080005a8                CAN_SCE_Handler
                0x080005a8                Default_Handler
                0x080005a8                TIM4_Handler
                0x080005a8                SPI2_Handler
                0x080005a8                MemManage_Handler
                0x080005a8                EXTI0_Handler
                0x080005a8                TIM1_UP_Handler
                0x080005a8                SDIO_Handler
                0x080005a8                TIM8_UP_Handler
                0x080005a8                DMA2_Channel4_5_Handler
                0x080005a8                SPI1_Handler
                0x080005a8                ADC3_Handler
                0x080005a8                DMA1_C6_Handler
                0x080005a8                I2C2_EV_Handler
                0x080005a8                SPI3_Handler
                0x080005a8                DMA2_Channel3_Handler
                0x080005a8                DMA1_C3_Handler
                0x080005a8                RCC_Handler
                0x080005a8                PVD_Handler
                0x080005a8                UART5_Handler
                0x080005a8                DMA2_Channel2_Handler
                0x080005a8                TIM5_Handler
                0x080005a8                TIM7_Handler
                0x080005a8                DMA1_C4_Handler
                0x080005a8                BusFault_Handler
                0x080005a8                TIM6_Handler
                0x080005a8                RTCAlarm_Handler
                0x080005a8                DebugMonitor_Handler
                0x080005a8                TIM1_TRG_COM_Handler
                0x080005a8                TAMPER_Handler
                0x080005ae                Reset_Handler
 .text          0x08000634      0x2a8 build/port/stm32f1/src/usart.o
                0x08000634                usart_enable
                0x08000714                usart_write
                0x080007b0                usart_read
                0x080007fa                usart_data_available
                0x08000820                USART2_Handler
 .text          0x080008dc      0x1c0 build/port/stm32f1/src/gpio.o
                0x080008dc                gpio_enable
                0x080008f8                gpio_configure
                0x080009ac                gpio_set_high
                0x080009e6                gpio_set_low
                0x08000a22                gpio_toggle
                0x08000a5c                gpio_read
 .text          0x08000a9c       0x50 build/port/stm32f1/src/systick.o
                0x08000a9c                systick_enable
 *(.rodata)
                0x08000aec                        . = ALIGN (0x4)
                0x08000aec                        _etext = .

.glue_7         0x08000aec        0x0
 .glue_7        0x08000aec        0x0 linker stubs

.glue_7t        0x08000aec        0x0
 .glue_7t       0x08000aec        0x0 linker stubs

.vfp11_veneer   0x08000aec        0x0
 .vfp11_veneer  0x08000aec        0x0 linker stubs

.v4_bx          0x08000aec        0x0
 .v4_bx         0x08000aec        0x0 linker stubs

.iplt           0x08000aec        0x0
 .iplt          0x08000aec        0x0 build/app/main.o

.rel.dyn        0x08000aec        0x0
 .rel.iplt      0x08000aec        0x0 build/app/main.o

.data           0x20000000        0x0 load address 0x08000aec
                0x20000000                        _sdata = .
 *(.data)
 .data          0x20000000        0x0 build/app/main.o
 .data          0x20000000        0x0 build/kernel/src/kernel.o
 .data          0x20000000        0x0 build/port/stm32f1/src/kernel_internal.o
 .data          0x20000000        0x0 build/port/stm32f1/src/startup.o
 .data          0x20000000        0x0 build/port/stm32f1/src/usart.o
 .data          0x20000000        0x0 build/port/stm32f1/src/gpio.o
 .data          0x20000000        0x0 build/port/stm32f1/src/systick.o
                0x20000000                        . = ALIGN (0x4)
                0x20000000                        _edata = .

.igot.plt       0x20000000        0x0 load address 0x08000aec
 .igot.plt      0x20000000        0x0 build/app/main.o

.bss            0x20000000      0x114 load address 0x08000aec
                0x20000000                        _sbss = .
 *(.bss)
 .bss           0x20000000        0x0 build/app/main.o
 .bss           0x20000000       0x8c build/kernel/src/kernel.o
                0x20000004                task_table
                0x20000084                current_task
                0x20000088                next_task
 .bss           0x2000008c        0x0 build/port/stm32f1/src/kernel_internal.o
 .bss           0x2000008c        0x0 build/port/stm32f1/src/startup.o
 .bss           0x2000008c       0x86 build/port/stm32f1/src/usart.o
 .bss           0x20000112        0x0 build/port/stm32f1/src/gpio.o
 .bss           0x20000112        0x0 build/port/stm32f1/src/systick.o
                0x20000114                        . = ALIGN (0x4)
 *fill*         0x20000112        0x2 
                0x20000114                        _ebss = .
                0x20000114                        heap_start = .
OUTPUT(build/peppzzartos.elf elf32-littlearm)
LOAD linker stubs

.debug_info     0x00000000      0xdb5
 .debug_info    0x00000000      0x234 build/app/main.o
 .debug_info    0x00000234      0x2f1 build/kernel/src/kernel.o
 .debug_info    0x00000525       0xc1 build/port/stm32f1/src/kernel_internal.o
 .debug_info    0x000005e6      0x181 build/port/stm32f1/src/startup.o
 .debug_info    0x00000767      0x2e2 build/port/stm32f1/src/usart.o
 .debug_info    0x00000a49      0x2ba build/port/stm32f1/src/gpio.o
 .debug_info    0x00000d03       0xb2 build/port/stm32f1/src/systick.o

.debug_abbrev   0x00000000      0x753
 .debug_abbrev  0x00000000      0x145 build/app/main.o
 .debug_abbrev  0x00000145      0x1c2 build/kernel/src/kernel.o
 .debug_abbrev  0x00000307       0x7f build/port/stm32f1/src/kernel_internal.o
 .debug_abbrev  0x00000386       0xff build/port/stm32f1/src/startup.o
 .debug_abbrev  0x00000485      0x159 build/port/stm32f1/src/usart.o
 .debug_abbrev  0x000005de      0x110 build/port/stm32f1/src/gpio.o
 .debug_abbrev  0x000006ee       0x65 build/port/stm32f1/src/systick.o

.debug_aranges  0x00000000       0xe0
 .debug_aranges
                0x00000000       0x20 build/app/main.o
 .debug_aranges
                0x00000020       0x20 build/kernel/src/kernel.o
 .debug_aranges
                0x00000040       0x20 build/port/stm32f1/src/kernel_internal.o
 .debug_aranges
                0x00000060       0x20 build/port/stm32f1/src/startup.o
 .debug_aranges
                0x00000080       0x20 build/port/stm32f1/src/usart.o
 .debug_aranges
                0x000000a0       0x20 build/port/stm32f1/src/gpio.o
 .debug_aranges
                0x000000c0       0x20 build/port/stm32f1/src/systick.o

.debug_line     0x00000000      0xa1f
 .debug_line    0x00000000      0x139 build/app/main.o
 .debug_line    0x00000139      0x26c build/kernel/src/kernel.o
 .debug_line    0x000003a5       0xf4 build/port/stm32f1/src/kernel_internal.o
 .debug_line    0x00000499      0x10d build/port/stm32f1/src/startup.o
 .debug_line    0x000005a6      0x219 build/port/stm32f1/src/usart.o
 .debug_line    0x000007bf      0x190 build/port/stm32f1/src/gpio.o
 .debug_line    0x0000094f       0xd0 build/port/stm32f1/src/systick.o

.debug_str      0x00000000      0x52d
 .debug_str     0x00000000      0x52d build/app/main.o
                                0x21e (size before relaxing)
 .debug_str     0x0000052d      0x273 build/kernel/src/kernel.o
 .debug_str     0x0000052d      0x166 build/port/stm32f1/src/kernel_internal.o
 .debug_str     0x0000052d      0x19f build/port/stm32f1/src/startup.o
 .debug_str     0x0000052d      0x24f build/port/stm32f1/src/usart.o
 .debug_str     0x0000052d      0x1e0 build/port/stm32f1/src/gpio.o
 .debug_str     0x0000052d      0x152 build/port/stm32f1/src/systick.o

.comment        0x00000000       0x1e
 .comment       0x00000000       0x1e build/app/main.o
                                 0x1f (size before relaxing)
 .comment       0x0000001e       0x1f build/kernel/src/kernel.o
 .comment       0x0000001e       0x1f build/port/stm32f1/src/kernel_internal.o
 .comment       0x0000001e       0x1f build/port/stm32f1/src/startup.o
 .comment       0x0000001e       0x1f build/port/stm32f1/src/usart.o
 .comment       0x0000001e       0x1f build/port/stm32f1/src/gpio.o
 .comment       0x0000001e       0x1f build/port/stm32f1/src/systick.o

.ARM.attributes
                0x00000000       0x2d
 .ARM.attributes
                0x00000000       0x2d build/app/main.o
 .ARM.attributes
                0x0000002d       0x2d build/kernel/src/kernel.o
 .ARM.attributes
                0x0000005a       0x2d build/port/stm32f1/src/kernel_internal.o
 .ARM.attributes
                0x00000087       0x2d build/port/stm32f1/src/startup.o
 .ARM.attributes
                0x000000b4       0x2d build/port/stm32f1/src/usart.o
 .ARM.attributes
                0x000000e1       0x2d build/port/stm32f1/src/gpio.o
 .ARM.attributes
                0x0000010e       0x2d build/port/stm32f1/src/systick.o

.debug_frame    0x00000000      0x4c8
 .debug_frame   0x00000000       0x90 build/app/main.o
 .debug_frame   0x00000090      0x144 build/kernel/src/kernel.o
 .debug_frame   0x000001d4       0x5c build/port/stm32f1/src/kernel_internal.o
 .debug_frame   0x00000230       0x4c build/port/stm32f1/src/startup.o
 .debug_frame   0x0000027c      0x118 build/port/stm32f1/src/usart.o
 .debug_frame   0x00000394       0xfc build/port/stm32f1/src/gpio.o
 .debug_frame   0x00000490       0x38 build/port/stm32f1/src/systick.o
